---
source: tests/verify_quote.rs
assertion_line: 27
expression: quote
---
Quote {
    header: Header {
        version: 4,
        attestation_key_type: 2,
        tee_type: 129,
        qe_svn: 0,
        pce_svn: 0,
        qe_vendor_id: [
            147,
            154,
            114,
            51,
            247,
            156,
            76,
            169,
            148,
            10,
            13,
            179,
            149,
            127,
            6,
            7,
        ],
        user_data: [
            131,
            251,
            254,
            97,
            82,
            95,
            85,
            88,
            19,
            21,
            205,
            157,
            201,
            80,
            244,
            71,
            0,
            0,
            0,
            0,
        ],
    },
    report: TD10(
        TDReport10 {
            tee_tcb_svn: [
                5,
                1,
                2,
                0,
                0,
                0,
                0,
                0,
                0,
                0,
                0,
                0,
                0,
                0,
                0,
                0,
            ],
            mr_seam: [
                28,
                198,
                161,
                122,
                183,
                153,
                233,
                166,
                147,
                250,
                199,
                83,
                107,
                230,
                28,
                18,
                238,
                30,
                15,
                171,
                173,
                168,
                45,
                12,
                153,
                158,
                8,
                204,
                238,
                42,
                168,
                109,
                231,
                123,
                8,
                112,
                245,
                88,
                197,
                112,
                231,
                255,
                229,
                93,
                109,
                71,
                250,
                4,
            ],
            mr_signer_seam: [
                0,
                0,
                0,
                0,
                0,
                0,
                0,
                0,
                0,
                0,
                0,
                0,
                0,
                0,
                0,
                0,
                0,
                0,
                0,
                0,
                0,
                0,
                0,
                0,
                0,
                0,
                0,
                0,
                0,
                0,
                0,
                0,
                0,
                0,
                0,
                0,
                0,
                0,
                0,
                0,
                0,
                0,
                0,
                0,
                0,
                0,
                0,
                0,
            ],
            seam_attributes: [
                0,
                0,
                0,
                0,
                0,
                0,
                0,
                0,
            ],
            td_attributes: [
                0,
                0,
                0,
                16,
                0,
                0,
                0,
                0,
            ],
            xfam: [
                231,
                2,
                6,
                0,
                0,
                0,
                0,
                0,
            ],
            mr_td: [
                145,
                235,
                43,
                68,
                209,
                65,
                212,
                236,
                224,
                159,
                12,
                117,
                194,
                197,
                61,
                36,
                122,
                60,
                104,
                237,
                215,
                250,
                254,
                138,
                53,
                32,
                201,
                66,
                166,
                4,
                164,
                7,
                222,
                3,
                174,
                109,
                197,
                248,
                127,
                39,
                66,
                139,
                37,
                56,
                135,
                49,
                24,
                183,
            ],
            mr_config_id: [
                0,
                0,
                0,
                0,
                0,
                0,
                0,
                0,
                0,
                0,
                0,
                0,
                0,
                0,
                0,
                0,
                0,
                0,
                0,
                0,
                0,
                0,
                0,
                0,
                0,
                0,
                0,
                0,
                0,
                0,
                0,
                0,
                0,
                0,
                0,
                0,
                0,
                0,
                0,
                0,
                0,
                0,
                0,
                0,
                0,
                0,
                0,
                0,
            ],
            mr_owner: [
                0,
                0,
                0,
                0,
                0,
                0,
                0,
                0,
                0,
                0,
                0,
                0,
                0,
                0,
                0,
                0,
                0,
                0,
                0,
                0,
                0,
                0,
                0,
                0,
                0,
                0,
                0,
                0,
                0,
                0,
                0,
                0,
                0,
                0,
                0,
                0,
                0,
                0,
                0,
                0,
                0,
                0,
                0,
                0,
                0,
                0,
                0,
                0,
            ],
            mr_owner_config: [
                0,
                0,
                0,
                0,
                0,
                0,
                0,
                0,
                0,
                0,
                0,
                0,
                0,
                0,
                0,
                0,
                0,
                0,
                0,
                0,
                0,
                0,
                0,
                0,
                0,
                0,
                0,
                0,
                0,
                0,
                0,
                0,
                0,
                0,
                0,
                0,
                0,
                0,
                0,
                0,
                0,
                0,
                0,
                0,
                0,
                0,
                0,
                0,
            ],
            rt_mr0: [
                78,
                221,
                168,
                174,
                224,
                242,
                193,
                147,
                97,
                190,
                135,
                160,
                181,
                132,
                145,
                69,
                183,
                84,
                140,
                132,
                203,
                108,
                119,
                70,
                52,
                72,
                43,
                130,
                96,
                238,
                213,
                52,
                59,
                44,
                86,
                132,
                95,
                72,
                194,
                2,
                236,
                211,
                80,
                109,
                108,
                164,
                181,
                159,
            ],
            rt_mr1: [
                59,
                2,
                109,
                186,
                196,
                201,
                127,
                110,
                119,
                17,
                152,
                182,
                251,
                210,
                152,
                81,
                45,
                247,
                70,
                119,
                237,
                110,
                63,
                10,
                151,
                101,
                113,
                186,
                173,
                180,
                193,
                233,
                31,
                61,
                29,
                1,
                255,
                198,
                81,
                54,
                41,
                111,
                13,
                156,
                20,
                220,
                108,
                205,
            ],
            rt_mr2: [
                86,
                151,
                85,
                201,
                125,
                87,
                45,
                155,
                162,
                222,
                154,
                101,
                94,
                158,
                120,
                106,
                225,
                203,
                63,
                115,
                210,
                139,
                96,
                71,
                215,
                150,
                120,
                204,
                226,
                64,
                54,
                173,
                186,
                159,
                176,
                128,
                84,
                126,
                132,
                178,
                236,
                152,
                145,
                0,
                50,
                130,
                141,
                221,
            ],
            rt_mr3: [
                0,
                0,
                0,
                0,
                0,
                0,
                0,
                0,
                0,
                0,
                0,
                0,
                0,
                0,
                0,
                0,
                0,
                0,
                0,
                0,
                0,
                0,
                0,
                0,
                0,
                0,
                0,
                0,
                0,
                0,
                0,
                0,
                0,
                0,
                0,
                0,
                0,
                0,
                0,
                0,
                0,
                0,
                0,
                0,
                0,
                0,
                0,
                0,
            ],
            report_data: [
                35,
                32,
                126,
                47,
                46,
                98,
                97,
                115,
                104,
                114,
                99,
                58,
                32,
                101,
                120,
                101,
                99,
                117,
                116,
                101,
                100,
                32,
                98,
                121,
                32,
                98,
                97,
                115,
                104,
                40,
                49,
                41,
                32,
                102,
                111,
                114,
                32,
                110,
                111,
                110,
                45,
                108,
                111,
                103,
                105,
                110,
                32,
                115,
                104,
                101,
                108,
                108,
                115,
                46,
                10,
                35,
                32,
                115,
                101,
                101,
                32,
                47,
                117,
                115,
            ],
        },
    ),
    auth_data: V4(
        AuthDataV4 {
            ecdsa_signature: [
                19,
                2,
                132,
                124,
                125,
                42,
                52,
                0,
                120,
                91,
                169,
                41,
                119,
                116,
                162,
                113,
                200,
                191,
                245,
                94,
                60,
                117,
                219,
                198,
                36,
                66,
                45,
                71,
                174,
                253,
                38,
                86,
                164,
                95,
                56,
                9,
                41,
                134,
                11,
                98,
                213,
                194,
                98,
                187,
                95,
                188,
                19,
                159,
                160,
                25,
                55,
                61,
                223,
                233,
                246,
                113,
                158,
                0,
                226,
                17,
                236,
                139,
                170,
                146,
            ],
            ecdsa_attestation_key: [
                73,
                150,
                169,
                229,
                110,
                64,
                172,
                108,
                11,
                1,
                151,
                9,
                83,
                127,
                22,
                215,
                81,
                192,
                62,
                140,
                13,
                144,
                93,
                121,
                242,
                36,
                255,
                6,
                221,
                196,
                16,
                40,
                96,
                168,
                119,
                1,
                7,
                116,
                140,
                1,
                28,
                219,
                252,
                204,
                200,
                87,
                228,
                24,
                115,
                91,
                105,
                154,
                200,
                157,
                194,
                237,
                77,
                161,
                29,
                81,
                37,
                203,
                146,
                94,
            ],
            certification_data: CertificationData {
                cert_type: 6,
                body: "\u{2}\u{2}\u{19}\u{1b}\u{3}�\0\u{6}\0\0\0\0\0\0\0\0\0\0\0\0\0\0\0\0\0\0\0\0\0\0\0\0\0\0\0\0\0\0\0\0\0\0\0\0\0\0\0\0\u{15}\0\0\0\0\0\0\0�\0\0\0\0\0\0\0壧��0\u{95};�SLlY��O�4�3����\n��\u{8}�k�\0\0\0\0\0\0\0\0\0\0\0\0\0\0\0\0\0\0\0\0\0\0\0\0\0\0\0\0\0\0\0\0ܞ*|o��\u{17}GN4��C�\u{3}\u{f}|\u{15}c��c@�.\u{e}T��\0\0\0\0\0\0\0\0\0\0\0\0\0\0\0\0\0\0\0\0\0\0\0\0\0\0\0\0\0\0\0\0\0\0\0\0\0\0\0\0\0\0\0\0\0\0\0\0\0\0\0\0\0\0\0\0\0\0\0\0\0\0\0\0\0\0\0\0\0\0\0\0\0\0\0\0\0\0\0\0\0\0\0\0\0\0\0\0\0\0\0\0\0\0\0\0\u{2}\0\u{6}\0\0\0\0\0\0\0\0\0\0\0\0\0\0\0\0\0\0\0\0\0\0\0\0\0\0\0\0\0\0\0\0\0\0\0\0\0\0\0\0\0\0\0\0\0\0\0\0\0\0\0\0\0\0\0\0\0\0\0\0\0P;���U�>!t|8Y�\u{18}�P1*\u{3}@�\u{18}~�##V�\0\0\0\0\0\0\0\0\0\0\0\0\0\0\0\0\0\0\0\0\0\0\0\0\0\0\0\0\0\0\0\0\"o�y��y\\�\u{5c5}\u{e}a�A��2\u{14}�2㩠מ��u��G��\u{7}\u{4}��\u{6}ڎ\tb.\u{12}\0��?n&�ხ�%\u{19}\n��P\u{12}+ \0\0\u{1}\u{2}\u{3}\u{4}\u{5}\u{6}\u{7}\u{8}\t\n\u{b}\u{c}\r\u{e}\u{f}\u{10}\u{11}\u{12}\u{13}\u{14}\u{15}\u{16}\u{17}\u{18}\u{19}\u{1a}\u{1b}\u{1c}\u{1d}\u{1e}\u{1f}\u{5}\0^\u{e}\0\0-----BEGIN CERTIFICATE-----\nMIIE8DCCBJegAwIBAgIVALR5TIT9+9nsB1BTZ1srXQ4lbwRBMAoGCCqGSM49BAMC\nMHAxIjAgBgNVBAMMGUludGVsIFNHWCBQQ0sgUGxhdGZvcm0gQ0ExGjAYBgNVBAoM\nEUludGVsIENvcnBvcmF0aW9uMRQwEgYDVQQHDAtTYW50YSBDbGFyYTELMAkGA1UE\nCAwCQ0ExCzAJBgNVBAYTAlVTMB4XDTI0MDgwMjExMTUzN1oXDTMxMDgwMjExMTUz\nN1owcDEiMCAGA1UEAwwZSW50ZWwgU0dYIFBDSyBDZXJ0aWZpY2F0ZTEaMBgGA1UE\nCgwRSW50ZWwgQ29ycG9yYXRpb24xFDASBgNVBAcMC1NhbnRhIENsYXJhMQswCQYD\nVQQIDAJDQTELMAkGA1UEBhMCVVMwWTATBgcqhkjOPQIBBggqhkjOPQMBBwNCAATY\nwwqU4GxPJjYojMGRha62yp4jBQd5WDvKwmT6ll1AGxjY68piJPgiPhdb8zTGf7Kb\n1Oyd1SFOMZpYLyPTBzYdo4IDDDCCAwgwHwYDVR0jBBgwFoAUlW9dzb0b4elAScnU\n9DPOAVcL3lQwawYDVR0fBGQwYjBgoF6gXIZaaHR0cHM6Ly9hcGkudHJ1c3RlZHNl\ncnZpY2VzLmludGVsLmNvbS9zZ3gvY2VydGlmaWNhdGlvbi92NC9wY2tjcmw/Y2E9\ncGxhdGZvcm0mZW5jb2Rpbmc9ZGVyMB0GA1UdDgQWBBQF04vPvTGKwbAl5oTvVdfM\n+5jnuTAOBgNVHQ8BAf8EBAMCBsAwDAYDVR0TAQH/BAIwADCCAjkGCSqGSIb4TQEN\nAQSCAiowggImMB4GCiqGSIb4TQENAQEEEN5dAoq5cK5n82w9oy1e4n4wggFjBgoq\nhkiG+E0BDQECMIIBUzAQBgsqhkiG+E0BDQECAQIBAjAQBgsqhkiG+E0BDQECAgIB\nAjAQBgsqhkiG+E0BDQECAwIBAjAQBgsqhkiG+E0BDQECBAIBAjAQBgsqhkiG+E0B\nDQECBQIBAzAQBgsqhkiG+E0BDQECBgIBATAQBgsqhkiG+E0BDQECBwIBADAQBgsq\nhkiG+E0BDQECCAIBAzAQBgsqhkiG+E0BDQECCQIBADAQBgsqhkiG+E0BDQECCgIB\nADAQBgsqhkiG+E0BDQECCwIBADAQBgsqhkiG+E0BDQECDAIBADAQBgsqhkiG+E0B\nDQECDQIBADAQBgsqhkiG+E0BDQECDgIBADAQBgsqhkiG+E0BDQECDwIBADAQBgsq\nhkiG+E0BDQECEAIBADAQBgsqhkiG+E0BDQECEQIBCzAfBgsqhkiG+E0BDQECEgQQ\nAgICAgMBAAMAAAAAAAAAADAQBgoqhkiG+E0BDQEDBAIAADAUBgoqhkiG+E0BDQEE\nBAawwG8AAAAwDwYKKoZIhvhNAQ0BBQoBATAeBgoqhkiG+E0BDQEGBBBJ1drhSIsm\nh+/Fy0ttjjv/MEQGCiqGSIb4TQENAQcwNjAQBgsqhkiG+E0BDQEHAQEB/zAQBgsq\nhkiG+E0BDQEHAgEB/zAQBgsqhkiG+E0BDQEHAwEB/zAKBggqhkjOPQQDAgNHADBE\nAiBpEW8uOrkStiHkLKnjBhUAocz9TW36jN/07eAhDP65awIgM/1GLXtZpDd6paPv\nSZ8mNtrT800V54kFYDGOzOxPCt8=\n-----END CERTIFICATE-----\n-----BEGIN CERTIFICATE-----\nMIICljCCAj2gAwIBAgIVAJVvXc29G+HpQEnJ1PQzzgFXC95UMAoGCCqGSM49BAMC\nMGgxGjAYBgNVBAMMEUludGVsIFNHWCBSb290IENBMRowGAYDVQQKDBFJbnRlbCBD\nb3Jwb3JhdGlvbjEUMBIGA1UEBwwLU2FudGEgQ2xhcmExCzAJBgNVBAgMAkNBMQsw\nCQYDVQQGEwJVUzAeFw0xODA1MjExMDUwMTBaFw0zMzA1MjExMDUwMTBaMHAxIjAg\nBgNVBAMMGUludGVsIFNHWCBQQ0sgUGxhdGZvcm0gQ0ExGjAYBgNVBAoMEUludGVs\nIENvcnBvcmF0aW9uMRQwEgYDVQQHDAtTYW50YSBDbGFyYTELMAkGA1UECAwCQ0Ex\nCzAJBgNVBAYTAlVTMFkwEwYHKoZIzj0CAQYIKoZIzj0DAQcDQgAENSB/7t21lXSO\n2Cuzpxw74eJB72EyDGgW5rXCtx2tVTLq6hKk6z+UiRZCnqR7psOvgqFeSxlmTlJl\neTmi2WYz3qOBuzCBuDAfBgNVHSMEGDAWgBQiZQzWWp00ifODtJVSv1AbOScGrDBS\nBgNVHR8ESzBJMEegRaBDhkFodHRwczovL2NlcnRpZmljYXRlcy50cnVzdGVkc2Vy\ndmljZXMuaW50ZWwuY29tL0ludGVsU0dYUm9vdENBLmRlcjAdBgNVHQ4EFgQUlW9d\nzb0b4elAScnU9DPOAVcL3lQwDgYDVR0PAQH/BAQDAgEGMBIGA1UdEwEB/wQIMAYB\nAf8CAQAwCgYIKoZIzj0EAwIDRwAwRAIgXsVki0w+i6VYGW3UF/22uaXe0YJDj1Ue\nnA+TjD1ai5cCICYb1SAmD5xkfTVpvo4UoyiSYxrDWLmUR4CI9NKyfPN+\n-----END CERTIFICATE-----\n-----BEGIN CERTIFICATE-----\nMIICjzCCAjSgAwIBAgIUImUM1lqdNInzg7SVUr9QGzknBqwwCgYIKoZIzj0EAwIw\naDEaMBgGA1UEAwwRSW50ZWwgU0dYIFJvb3QgQ0ExGjAYBgNVBAoMEUludGVsIENv\ncnBvcmF0aW9uMRQwEgYDVQQHDAtTYW50YSBDbGFyYTELMAkGA1UECAwCQ0ExCzAJ\nBgNVBAYTAlVTMB4XDTE4MDUyMTEwNDUxMFoXDTQ5MTIzMTIzNTk1OVowaDEaMBgG\nA1UEAwwRSW50ZWwgU0dYIFJvb3QgQ0ExGjAYBgNVBAoMEUludGVsIENvcnBvcmF0\naW9uMRQwEgYDVQQHDAtTYW50YSBDbGFyYTELMAkGA1UECAwCQ0ExCzAJBgNVBAYT\nAlVTMFkwEwYHKoZIzj0CAQYIKoZIzj0DAQcDQgAEC6nEwMDIYZOj/iPWsCzaEKi7\n1OiOSLRFhWGjbnBVJfVnkY4u3IjkDYYL0MxO4mqsyYjlBalTVYxFP2sJBK5zlKOB\nuzCBuDAfBgNVHSMEGDAWgBQiZQzWWp00ifODtJVSv1AbOScGrDBSBgNVHR8ESzBJ\nMEegRaBDhkFodHRwczovL2NlcnRpZmljYXRlcy50cnVzdGVkc2VydmljZXMuaW50\nZWwuY29tL0ludGVsU0dYUm9vdENBLmRlcjAdBgNVHQ4EFgQUImUM1lqdNInzg7SV\nUr9QGzknBqwwDgYDVR0PAQH/BAQDAgEGMBIGA1UdEwEB/wQIMAYBAf8CAQEwCgYI\nKoZIzj0EAwIDSQAwRgIhAOW/5QkR+S9CiSDcNoowLuPRLsWGf/Yi7GSX94BgwTwg\nAiEA4J0lrHoMs+Xo5o/sX6O9QWxHRAvZUGOdRQ7cvqRXaqI=\n-----END CERTIFICATE-----\n\0",
            },
            qe_report_data: QEReportCertificationData {
                qe_report: [
                    2,
                    2,
                    25,
                    27,
                    3,
                    255,
                    0,
                    6,
                    0,
                    0,
                    0,
                    0,
                    0,
                    0,
                    0,
                    0,
                    0,
                    0,
                    0,
                    0,
                    0,
                    0,
                    0,
                    0,
                    0,
                    0,
                    0,
                    0,
                    0,
                    0,
                    0,
                    0,
                    0,
                    0,
                    0,
                    0,
                    0,
                    0,
                    0,
                    0,
                    0,
                    0,
                    0,
                    0,
                    0,
                    0,
                    0,
                    0,
                    21,
                    0,
                    0,
                    0,
                    0,
                    0,
                    0,
                    0,
                    231,
                    0,
                    0,
                    0,
                    0,
                    0,
                    0,
                    0,
                    229,
                    163,
                    167,
                    181,
                    216,
                    48,
                    194,
                    149,
                    59,
                    152,
                    83,
                    76,
                    108,
                    89,
                    163,
                    163,
                    79,
                    220,
                    52,
                    233,
                    51,
                    247,
                    245,
                    137,
                    143,
                    10,
                    133,
                    207,
                    8,
                    132,
                    107,
                    202,
                    0,
                    0,
                    0,
                    0,
                    0,
                    0,
                    0,
                    0,
                    0,
                    0,
                    0,
                    0,
                    0,
                    0,
                    0,
                    0,
                    0,
                    0,
                    0,
                    0,
                    0,
                    0,
                    0,
                    0,
                    0,
                    0,
                    0,
                    0,
                    0,
                    0,
                    0,
                    0,
                    220,
                    158,
                    42,
                    124,
                    111,
                    148,
                    143,
                    23,
                    71,
                    78,
                    52,
                    167,
                    252,
                    67,
                    237,
                    3,
                    15,
                    124,
                    21,
                    99,
                    241,
                    186,
                    189,
                    223,
                    99,
                    64,
                    200,
                    46,
                    14,
                    84,
                    168,
                    197,
                    0,
                    0,
                    0,
                    0,
                    0,
                    0,
                    0,
                    0,
                    0,
                    0,
                    0,
                    0,
                    0,
                    0,
                    0,
                    0,
                    0,
                    0,
                    0,
                    0,
                    0,
                    0,
                    0,
                    0,
                    0,
                    0,
                    0,
                    0,
                    0,
                    0,
                    0,
                    0,
                    0,
                    0,
                    0,
                    0,
                    0,
                    0,
                    0,
                    0,
                    0,
                    0,
                    0,
                    0,
                    0,
                    0,
                    0,
                    0,
                    0,
                    0,
                    0,
                    0,
                    0,
                    0,
                    0,
                    0,
                    0,
                    0,
                    0,
                    0,
                    0,
                    0,
                    0,
                    0,
                    0,
                    0,
                    0,
                    0,
                    0,
                    0,
                    0,
                    0,
                    0,
                    0,
                    0,
                    0,
                    0,
                    0,
                    0,
                    0,
                    0,
                    0,
                    0,
                    0,
                    0,
                    0,
                    0,
                    0,
                    0,
                    0,
                    0,
                    0,
                    0,
                    0,
                    0,
                    0,
                    2,
                    0,
                    6,
                    0,
                    0,
                    0,
                    0,
                    0,
                    0,
                    0,
                    0,
                    0,
                    0,
                    0,
                    0,
                    0,
                    0,
                    0,
                    0,
                    0,
                    0,
                    0,
                    0,
                    0,
                    0,
                    0,
                    0,
                    0,
                    0,
                    0,
                    0,
                    0,
                    0,
                    0,
                    0,
                    0,
                    0,
                    0,
                    0,
                    0,
                    0,
                    0,
                    0,
                    0,
                    0,
                    0,
                    0,
                    0,
                    0,
                    0,
                    0,
                    0,
                    0,
                    0,
                    0,
                    0,
                    0,
                    0,
                    0,
                    0,
                    0,
                    0,
                    0,
                    0,
                    80,
                    59,
                    191,
                    229,
                    190,
                    250,
                    85,
                    161,
                    62,
                    33,
                    116,
                    124,
                    56,
                    89,
                    240,
                    182,
                    24,
                    160,
                    80,
                    49,
                    42,
                    3,
                    64,
                    233,
                    128,
                    24,
                    126,
                    234,
                    35,
                    35,
                    86,
                    214,
                    0,
                    0,
                    0,
                    0,
                    0,
                    0,
                    0,
                    0,
                    0,
                    0,
                    0,
                    0,
                    0,
                    0,
                    0,
                    0,
                    0,
                    0,
                    0,
                    0,
                    0,
                    0,
                    0,
                    0,
                    0,
                    0,
                    0,
                    0,
                    0,
                    0,
                    0,
                    0,
                ],
                qe_report_signature: [
                    34,
                    111,
                    248,
                    121,
                    178,
                    239,
                    121,
                    92,
                    156,
                    215,
                    133,
                    14,
                    97,
                    239,
                    65,
                    182,
                    206,
                    50,
                    20,
                    165,
                    50,
                    227,
                    169,
                    160,
                    215,
                    158,
                    255,
                    167,
                    117,
                    235,
                    255,
                    71,
                    137,
                    163,
                    7,
                    4,
                    252,
                    243,
                    6,
                    218,
                    142,
                    9,
                    98,
                    46,
                    18,
                    0,
                    222,
                    251,
                    63,
                    110,
                    38,
                    204,
                    225,
                    131,
                    174,
                    174,
                    37,
                    25,
                    10,
                    241,
                    222,
                    80,
                    18,
                    43,
                ],
                qe_auth_data: Data {
                    data: [
                        0,
                        1,
                        2,
                        3,
                        4,
                        5,
                        6,
                        7,
                        8,
                        9,
                        10,
                        11,
                        12,
                        13,
                        14,
                        15,
                        16,
                        17,
                        18,
                        19,
                        20,
                        21,
                        22,
                        23,
                        24,
                        25,
                        26,
                        27,
                        28,
                        29,
                        30,
                        31,
                    ],
                    _marker: PhantomData<u16>,
                },
                certification_data: CertificationData {
                    cert_type: 5,
                    body: "-----BEGIN CERTIFICATE-----\nMIIE8DCCBJegAwIBAgIVALR5TIT9+9nsB1BTZ1srXQ4lbwRBMAoGCCqGSM49BAMC\nMHAxIjAgBgNVBAMMGUludGVsIFNHWCBQQ0sgUGxhdGZvcm0gQ0ExGjAYBgNVBAoM\nEUludGVsIENvcnBvcmF0aW9uMRQwEgYDVQQHDAtTYW50YSBDbGFyYTELMAkGA1UE\nCAwCQ0ExCzAJBgNVBAYTAlVTMB4XDTI0MDgwMjExMTUzN1oXDTMxMDgwMjExMTUz\nN1owcDEiMCAGA1UEAwwZSW50ZWwgU0dYIFBDSyBDZXJ0aWZpY2F0ZTEaMBgGA1UE\nCgwRSW50ZWwgQ29ycG9yYXRpb24xFDASBgNVBAcMC1NhbnRhIENsYXJhMQswCQYD\nVQQIDAJDQTELMAkGA1UEBhMCVVMwWTATBgcqhkjOPQIBBggqhkjOPQMBBwNCAATY\nwwqU4GxPJjYojMGRha62yp4jBQd5WDvKwmT6ll1AGxjY68piJPgiPhdb8zTGf7Kb\n1Oyd1SFOMZpYLyPTBzYdo4IDDDCCAwgwHwYDVR0jBBgwFoAUlW9dzb0b4elAScnU\n9DPOAVcL3lQwawYDVR0fBGQwYjBgoF6gXIZaaHR0cHM6Ly9hcGkudHJ1c3RlZHNl\ncnZpY2VzLmludGVsLmNvbS9zZ3gvY2VydGlmaWNhdGlvbi92NC9wY2tjcmw/Y2E9\ncGxhdGZvcm0mZW5jb2Rpbmc9ZGVyMB0GA1UdDgQWBBQF04vPvTGKwbAl5oTvVdfM\n+5jnuTAOBgNVHQ8BAf8EBAMCBsAwDAYDVR0TAQH/BAIwADCCAjkGCSqGSIb4TQEN\nAQSCAiowggImMB4GCiqGSIb4TQENAQEEEN5dAoq5cK5n82w9oy1e4n4wggFjBgoq\nhkiG+E0BDQECMIIBUzAQBgsqhkiG+E0BDQECAQIBAjAQBgsqhkiG+E0BDQECAgIB\nAjAQBgsqhkiG+E0BDQECAwIBAjAQBgsqhkiG+E0BDQECBAIBAjAQBgsqhkiG+E0B\nDQECBQIBAzAQBgsqhkiG+E0BDQECBgIBATAQBgsqhkiG+E0BDQECBwIBADAQBgsq\nhkiG+E0BDQECCAIBAzAQBgsqhkiG+E0BDQECCQIBADAQBgsqhkiG+E0BDQECCgIB\nADAQBgsqhkiG+E0BDQECCwIBADAQBgsqhkiG+E0BDQECDAIBADAQBgsqhkiG+E0B\nDQECDQIBADAQBgsqhkiG+E0BDQECDgIBADAQBgsqhkiG+E0BDQECDwIBADAQBgsq\nhkiG+E0BDQECEAIBADAQBgsqhkiG+E0BDQECEQIBCzAfBgsqhkiG+E0BDQECEgQQ\nAgICAgMBAAMAAAAAAAAAADAQBgoqhkiG+E0BDQEDBAIAADAUBgoqhkiG+E0BDQEE\nBAawwG8AAAAwDwYKKoZIhvhNAQ0BBQoBATAeBgoqhkiG+E0BDQEGBBBJ1drhSIsm\nh+/Fy0ttjjv/MEQGCiqGSIb4TQENAQcwNjAQBgsqhkiG+E0BDQEHAQEB/zAQBgsq\nhkiG+E0BDQEHAgEB/zAQBgsqhkiG+E0BDQEHAwEB/zAKBggqhkjOPQQDAgNHADBE\nAiBpEW8uOrkStiHkLKnjBhUAocz9TW36jN/07eAhDP65awIgM/1GLXtZpDd6paPv\nSZ8mNtrT800V54kFYDGOzOxPCt8=\n-----END CERTIFICATE-----\n-----BEGIN CERTIFICATE-----\nMIICljCCAj2gAwIBAgIVAJVvXc29G+HpQEnJ1PQzzgFXC95UMAoGCCqGSM49BAMC\nMGgxGjAYBgNVBAMMEUludGVsIFNHWCBSb290IENBMRowGAYDVQQKDBFJbnRlbCBD\nb3Jwb3JhdGlvbjEUMBIGA1UEBwwLU2FudGEgQ2xhcmExCzAJBgNVBAgMAkNBMQsw\nCQYDVQQGEwJVUzAeFw0xODA1MjExMDUwMTBaFw0zMzA1MjExMDUwMTBaMHAxIjAg\nBgNVBAMMGUludGVsIFNHWCBQQ0sgUGxhdGZvcm0gQ0ExGjAYBgNVBAoMEUludGVs\nIENvcnBvcmF0aW9uMRQwEgYDVQQHDAtTYW50YSBDbGFyYTELMAkGA1UECAwCQ0Ex\nCzAJBgNVBAYTAlVTMFkwEwYHKoZIzj0CAQYIKoZIzj0DAQcDQgAENSB/7t21lXSO\n2Cuzpxw74eJB72EyDGgW5rXCtx2tVTLq6hKk6z+UiRZCnqR7psOvgqFeSxlmTlJl\neTmi2WYz3qOBuzCBuDAfBgNVHSMEGDAWgBQiZQzWWp00ifODtJVSv1AbOScGrDBS\nBgNVHR8ESzBJMEegRaBDhkFodHRwczovL2NlcnRpZmljYXRlcy50cnVzdGVkc2Vy\ndmljZXMuaW50ZWwuY29tL0ludGVsU0dYUm9vdENBLmRlcjAdBgNVHQ4EFgQUlW9d\nzb0b4elAScnU9DPOAVcL3lQwDgYDVR0PAQH/BAQDAgEGMBIGA1UdEwEB/wQIMAYB\nAf8CAQAwCgYIKoZIzj0EAwIDRwAwRAIgXsVki0w+i6VYGW3UF/22uaXe0YJDj1Ue\nnA+TjD1ai5cCICYb1SAmD5xkfTVpvo4UoyiSYxrDWLmUR4CI9NKyfPN+\n-----END CERTIFICATE-----\n-----BEGIN CERTIFICATE-----\nMIICjzCCAjSgAwIBAgIUImUM1lqdNInzg7SVUr9QGzknBqwwCgYIKoZIzj0EAwIw\naDEaMBgGA1UEAwwRSW50ZWwgU0dYIFJvb3QgQ0ExGjAYBgNVBAoMEUludGVsIENv\ncnBvcmF0aW9uMRQwEgYDVQQHDAtTYW50YSBDbGFyYTELMAkGA1UECAwCQ0ExCzAJ\nBgNVBAYTAlVTMB4XDTE4MDUyMTEwNDUxMFoXDTQ5MTIzMTIzNTk1OVowaDEaMBgG\nA1UEAwwRSW50ZWwgU0dYIFJvb3QgQ0ExGjAYBgNVBAoMEUludGVsIENvcnBvcmF0\naW9uMRQwEgYDVQQHDAtTYW50YSBDbGFyYTELMAkGA1UECAwCQ0ExCzAJBgNVBAYT\nAlVTMFkwEwYHKoZIzj0CAQYIKoZIzj0DAQcDQgAEC6nEwMDIYZOj/iPWsCzaEKi7\n1OiOSLRFhWGjbnBVJfVnkY4u3IjkDYYL0MxO4mqsyYjlBalTVYxFP2sJBK5zlKOB\nuzCBuDAfBgNVHSMEGDAWgBQiZQzWWp00ifODtJVSv1AbOScGrDBSBgNVHR8ESzBJ\nMEegRaBDhkFodHRwczovL2NlcnRpZmljYXRlcy50cnVzdGVkc2VydmljZXMuaW50\nZWwuY29tL0ludGVsU0dYUm9vdENBLmRlcjAdBgNVHQ4EFgQUImUM1lqdNInzg7SV\nUr9QGzknBqwwDgYDVR0PAQH/BAQDAgEGMBIGA1UdEwEB/wQIMAYBAf8CAQEwCgYI\nKoZIzj0EAwIDSQAwRgIhAOW/5QkR+S9CiSDcNoowLuPRLsWGf/Yi7GSX94BgwTwg\nAiEA4J0lrHoMs+Xo5o/sX6O9QWxHRAvZUGOdRQ7cvqRXaqI=\n-----END CERTIFICATE-----\n\0",
                },
            },
        },
    ),
}
